// Jest Snapshot v1, https://goo.gl/fbAQLP

exports[`it should render comments with props 1`] = `
<div>
  <div
    class="comment"
  >
    <span
      class="comment-top"
    >
      <span
        class="test"
      >
        Mailchimp
      </span>
      I like emails
    </span>
    <p
      class="comment-bottom"
    >
      a few seconds ago
    </p>
  </div>
</div>
`;
